'########::'########::'####::'######::'##::::'##:'########:'##:::::::'##::::'##:'##::::'##:::::::::::'#######:::'######::
 ##.... ##: ##.... ##:. ##::'##... ##: ###::'###: ##.....:: ##::::::: ##:::: ##:. ##::'##:::::::::::'##.... ##:'##... ##:
 ##:::: ##: ##:::: ##:: ##:: ##:::..:: ####'####: ##::::::: ##::::::: ##:::: ##::. ##'##:::::::::::: ##:::: ##: ##:::..::
 ########:: ########::: ##::. ######:: ## ### ##: ######::: ##::::::: ##:::: ##:::. ###::::::::::::: ##:::: ##:. ######::
 ##.....::: ##.. ##:::: ##:::..... ##: ##. #: ##: ##...:::: ##::::::: ##:::: ##::: ## ##:::::::::::: ##:::: ##::..... ##:
 ##:::::::: ##::. ##::: ##::'##::: ##: ##:.:: ##: ##::::::: ##::::::: ##:::: ##:: ##:. ##::::::::::: ##:::: ##:'##::: ##:
 ##:::::::: ##:::. ##:'####:. ######:: ##:::: ##: ##::::::: ########:. #######:: ##:::. ##:'#######:. #######::. ######::
..:::::::::..:::::..::....:::......:::..:::::..::..::::::::........:::.......:::..:::::..::.......:::.......::::......:::{{TIME}}
.{{TIME}}
.{{TIME}}
.{{TIME}}
(c) 2077 by DonStrange International Affairs Inc.{{TIME}}
.{{TIME}}
LOADING...
.{{TIME}}
.{{TIME}}
.{{TIME}}
.{{TIME}}



[    0.000000] Linux version 5.3.0-28-generic (buildd@lcy01-amd64-009) (gcc version 7.4.0 (Ubuntu 7.4.0-1ubuntu1~18.04.1)) #30~18.04.1-Ubuntu SMP Fri Jan 17 06:14:09 UTC 2020 (Ubuntu 5.3.0-28.30~18.04.1-generic 5.3.13)
[    0.000000] Command line: BOOT_IMAGE=/boot/vmlinuz-5.3.0-28-generic root=UUID=3d52cc10-b921-4aa9-b166-21c75584fe74 ro quiet splash
[    0.000000] KERNEL supported cpus:
[    0.000000]   Intel GenuineIntel
[    0.000000]   AMD AuthenticAMD
[    0.000000]   Hygon HygonGenuine
[    0.000000]   Centaur CentaurHauls
[    0.000000]   zhaoxin   Shanghai  
[    0.000000] x86/fpu: Supporting XSAVE feature 0x001: 'x87 floating point registers'
[    0.000000] x86/fpu: Supporting XSAVE feature 0x002: 'SSE registers'
[    0.000000] x86/fpu: Supporting XSAVE feature 0x004: 'AVX registers'
[    0.000000] x86/fpu: xstate_offset[2]:  576, xstate_sizes[2]:  256
[    0.000000] x86/fpu: Enabled xstate features 0x7, context size is 832 bytes, using 'standard' format.
[    0.000000] BIOS-provided physical RAM map:
[    0.000000] BIOS-e820: [mem 0x0000000000000000-0x000000000009fbff] usable
[    0.000000] BIOS-e820: [mem 0x000000000009fc00-0x000000000009ffff] reserved
[    0.000000] BIOS-e820: [mem 0x00000000000f0000-0x00000000000fffff] reserved
[    0.000000] BIOS-e820: [mem 0x0000000000100000-0x000000003ffeffff] usable
[    0.000000] BIOS-e820: [mem 0x000000003fff0000-0x000000003fffffff] ACPI data
[    0.000000] BIOS-e820: [mem 0x00000000fec00000-0x00000000fec00fff] reserved
[    0.000000] BIOS-e820: [mem 0x00000000fee00000-0x00000000fee00fff] reserved
[    0.000000] BIOS-e820: [mem 0x00000000fffc0000-0x00000000ffffffff] reserved
[    0.000000] NX (Execute Disable) protection: active
[    0.000000] SMBIOS 2.5 present.
[    0.000000] DMI: innotek GmbH VirtualBox/VirtualBox, BIOS VirtualBox 12/01/2006
[    0.000000] Hypervisor detected: KVM
[    0.000000] kvm-clock: Using msrs 4b564d01 and 4b564d00
[    0.000000] kvm-clock: cpu 0, msr 31a01001, primary cpu clock
[    0.000000] kvm-clock: using sched offset of 106752169314 cycles
[    0.000003] clocksource: kvm-clock: mask: 0xffffffffffffffff max_cycles: 0x1cd42e4dffb, max_idle_ns: 881590591483 ns
[    0.000005] tsc: Detected 2399.996 MHz processor
[    0.005002] e820: update [mem 0x00000000-0x00000fff] usable ==> reserved
[    0.005006] e820: remove [mem 0x000a0000-0x000fffff] usable
[    0.005012] last_pfn = 0x3fff0 max_arch_pfn = 0x400000000
[    0.005028] MTRR default type: uncachable
[    0.005030] MTRR variable ranges disabled:
[    0.005033] Disabled
[    0.005034] x86/PAT: MTRRs disabled, skipping PAT initialization too.
[    0.005037] CPU MTRRs all blank - virtualized system.
[    0.005041] x86/PAT: Configuration [0-7]: WB  WT  UC- UC  WB  WT  UC- UC  
[    0.005131] found SMP MP-table at [mem 0x0009fff0-0x0009ffff]
[    0.174237] check: Scanning 1 areas for low memory corruption
[    0.174272] BRK [0x31c01000, 0x31c01fff] PGTABLE
[    0.174274] BRK [0x31c02000, 0x31c02fff] PGTABLE
[    0.174276] BRK [0x31c03000, 0x31c03fff] PGTABLE
[    0.174319] BRK [0x31c04000, 0x31c04fff] PGTABLE
[    0.174429] BRK [0x31c05000, 0x31c05fff] PGTABLE
[    0.174465] RAMDISK: [mem 0x330ff000-0x35876fff]
[    0.174479] ACPI: Early table checksum verification disabled
[    0.174484] ACPI: RSDP 0x00000000000E0000 000024 (v02 VBOX  )
[    0.174489] ACPI: XSDT 0x000000003FFF0030 00003C (v01 VBOX   VBOXXSDT 00000001 ASL  00000061)
[    0.174497] ACPI: FACP 0x000000003FFF00F0 0000F4 (v04 VBOX   VBOXFACP 00000001 ASL  00000061)
[    0.174505] ACPI: DSDT 0x000000003FFF0470 002325 (v02 VBOX   VBOXBIOS 00000002 INTL 20100528)
[    0.174510] ACPI: FACS 0x000000003FFF0200 000040
[    0.174515] ACPI: FACS 0x000000003FFF0200 000040
[    0.174519] ACPI: APIC 0x000000003FFF0240 000054 (v02 VBOX   VBOXAPIC 00000001 ASL  00000061)
[    0.174524] ACPI: SSDT 0x000000003FFF02A0 0001CC (v01 VBOX   VBOXCPUT 00000002 INTL 20100528)
[    0.174538] ACPI: Local APIC address 0xfee00000
[    0.175159] No NUMA configuration found
[    0.175162] Faking a node at [mem 0x0000000000000000-0x000000003ffeffff]
[    0.175178] NODE_DATA(0) allocated [mem 0x3ffc5000-0x3ffeffff]
[    0.175499] Zone ranges:
[    0.175501]   DMA      [mem 0x0000000000001000-0x0000000000ffffff]
[    0.175502]   DMA32    [mem 0x0000000001000000-0x000000003ffeffff]
[    0.175504]   Normal   empty
[    0.175505]   Device   empty
[    0.175507] Movable zone start for each node
[    0.175510] Early memory node ranges
[    0.175511]   node   0: [mem 0x0000000000001000-0x000000000009efff]
[    0.175512]   node   0: [mem 0x0000000000100000-0x000000003ffeffff]
[    0.175515] Zeroed struct page in unavailable ranges: 98 pages
[    0.175517] Initmem setup node 0 [mem 0x0000000000001000-0x000000003ffeffff]
[    0.175518] On node 0 totalpages: 262030
[    0.175520]   DMA zone: 64 pages used for memmap
[    0.175521]   DMA zone: 21 pages reserved
[    0.175522]   DMA zone: 3998 pages, LIFO batch:0
[    0.175605]   DMA32 zone: 4032 pages used for memmap
[    0.175606]   DMA32 zone: 258032 pages, LIFO batch:63
[    0.181430] ACPI: PM-Timer IO Port: 0x4008
[    0.181434] ACPI: Local APIC address 0xfee00000
[    0.181512] IOAPIC[0]: apic_id 1, version 32, address 0xfec00000, GSI 0-23
[    0.181516] ACPI: INT_SRC_OVR (bus 0 bus_irq 0 global_irq 2 dfl dfl)
[    0.181518] ACPI: INT_SRC_OVR (bus 0 bus_irq 9 global_irq 9 low level)
[    0.181520] ACPI: IRQ0 used by override.
[    0.181522] ACPI: IRQ9 used by override.
[    0.181525] Using ACPI (MADT) for SMP configuration information
[    0.181533] smpboot: Allowing 1 CPUs, 0 hotplug CPUs
[    0.181558] PM: Registered nosave memory: [mem 0x00000000-0x00000fff]
[    0.181559] PM: Registered nosave memory: [mem 0x0009f000-0x0009ffff]
[    0.181560] PM: Registered nosave memory: [mem 0x000a0000-0x000effff]
[    0.181561] PM: Registered nosave memory: [mem 0x000f0000-0x000fffff]
[    0.181563] [mem 0x40000000-0xfebfffff] available for PCI devices
[    0.181565] Booting paravirtualized kernel on KVM
[    0.181568] clocksource: refined-jiffies: mask: 0xffffffff max_cycles: 0xffffffff, max_idle_ns: 7645519600211568 ns
[    0.181573] setup_percpu: NR_CPUS:8192 nr_cpumask_bits:1 nr_cpu_ids:1 nr_node_ids:1
[    0.181712] percpu: Embedded 54 pages/cpu s184320 r8192 d28672 u2097152
[    0.181718] pcpu-alloc: s184320 r8192 d28672 u2097152 alloc=1*2097152
[    0.181720] pcpu-alloc: [0] 0 
[    0.181752] Built 1 zonelists, mobility grouping on.  Total pages: 257913
[    0.181753] Policy zone: DMA32
[    0.181755] Kernel command line: BOOT_IMAGE=/boot/vmlinuz-5.3.0-28-generic root=UUID=3d52cc10-b921-4aa9-b166-21c75584fe74 ro quiet splash
[    0.181883] Dentry cache hash table entries: 131072 (order: 8, 1048576 bytes, linear)
[    0.181908] Inode-cache hash table entries: 65536 (order: 7, 524288 bytes, linear)
[    0.181958] mem auto-init: stack:off, heap alloc:on, heap free:off
[    0.181961] Calgary: detecting Calgary via BIOS EBDA area
[    0.181963] Calgary: Unable to locate Rio Grande table in EBDA - bailing!
[    0.184198] Memory: 956180K/1048120K available (14339K kernel code, 2370K rwdata, 4668K rodata, 2660K init, 5076K bss, 91940K reserved, 0K cma-reserved)
[    0.184431] SLUB: HWalign=64, Order=0-3, MinObjects=0, CPUs=1, Nodes=1
[    0.184454] Kernel/User page tables isolation: enabled
[    0.184473] ftrace: allocating 42927 entries in 168 pages
[    0.212566] rcu: Hierarchical RCU implementation.
[    0.212568] rcu: 	RCU restricting CPUs from NR_CPUS=8192 to nr_cpu_ids=1.
[    0.212569] 	Tasks RCU enabled.
[    0.212570] rcu: RCU calculated value of scheduler-enlistment delay is 25 jiffies.
[    0.212571] rcu: Adjusting geometry for rcu_fanout_leaf=16, nr_cpu_ids=1
[    0.218077] NR_IRQS: 524544, nr_irqs: 256, preallocated irqs: 16
[    0.218570] random: crng done (trusting CPU's manufacturer)
[    0.232763] Console: colour VGA+ 80x25
[    0.232769] printk: console [tty0] enabled
[    0.232802] ACPI: Core revision 20190703
[    0.232990] APIC: Switch to symmetric I/O mode setup
[    0.233302] x2apic enabled
[    0.233713] Switched APIC routing to physical x2apic.
[    0.235813] ..TIMER: vector=0x30 apic1=0 pin1=2 apic2=-1 pin2=-1
[    0.235858] clocksource: tsc-early: mask: 0xffffffffffffffff max_cycles: 0x229833f6470, max_idle_ns: 440795327230 ns
[    0.235867] Calibrating delay loop (skipped) preset value.. 4799.99 BogoMIPS (lpj=9599984)
[    0.235871] pid_max: default: 32768 minimum: 301
[    0.235970] LSM: Security Framework initializing
[    0.236003] Yama: becoming mindful.
[    0.236037] AppArmor: AppArmor initialized
[    0.236105] Mount-cache hash table entries: 2048 (order: 2, 16384 bytes, linear)
[    0.236108] Mountpoint-cache hash table entries: 2048 (order: 2, 16384 bytes, linear)
[    0.236438] *** VALIDATE proc ***
[    0.236530] *** VALIDATE cgroup1 ***
[    0.236533] *** VALIDATE cgroup2 ***
[    0.240655] process: using mwait in idle threads
[    0.240664] Last level iTLB entries: 4KB 64, 2MB 8, 4MB 8
[    0.240666] Last level dTLB entries: 4KB 64, 2MB 0, 4MB 0, 1GB 4
[    0.240672] Spectre V1 : Mitigation: usercopy/swapgs barriers and __user pointer sanitization
[    0.240674] Spectre V2 : Mitigation: Full generic retpoline
[    0.240675] Spectre V2 : Spectre v2 / SpectreRSB mitigation: Filling RSB on context switch
[    0.240676] Speculative Store Bypass: Vulnerable
[    0.240680] MDS: Mitigation: Clear CPU buffers
[    0.249527] Freeing SMP alternatives memory: 40K
[    0.360035] smpboot: CPU0: Intel(R) Core(TM) i5-6200U CPU @ 2.30GHz (family: 0x6, model: 0x4e, stepping: 0x3)
[    0.360274] Performance Events: unsupported p6 CPU model 78 no PMU driver, software events only.
[    0.360338] rcu: Hierarchical SRCU implementation.
[    0.361081] NMI watchdog: Perf NMI watchdog permanently disabled
[    0.361108] smp: Bringing up secondary CPUs ...
[    0.361109] smp: Brought up 1 node, 1 CPU
[    0.361110] smpboot: Max logical packages: 1
[    0.361112] smpboot: Total of 1 processors activated (4799.99 BogoMIPS)
[    0.361244] devtmpfs: initialized
[    0.361310] x86/mm: Memory block size: 128MB
[    0.361686] clocksource: jiffies: mask: 0xffffffff max_cycles: 0xffffffff, max_idle_ns: 7645041785100000 ns
[    0.361691] futex hash table entries: 256 (order: 2, 16384 bytes, linear)
[    0.361757] pinctrl core: initialized pinctrl subsystem
[    0.361880] PM: RTC time: 12:20:32, date: 2021-08-27
[    0.362070] NET: Registered protocol family 16
[    0.362228] audit: initializing netlink subsys (disabled)
[    0.362449] EISA bus registered
[    0.362451] cpuidle: using governor ladder
[    0.362451] cpuidle: using governor menu
[    0.362508] ACPI: bus type PCI registered
[    0.362510] acpiphp: ACPI Hot Plug PCI Controller Driver version: 0.5
[    0.362655] PCI: Using configuration type 1 for base access
[    0.364194] audit: type=2000 audit(1630066924.517:1): state=initialized audit_enabled=0 res=1
[    0.364320] HugeTLB registered 2.00 MiB page size, pre-allocated 0 pages
[    0.367592] ACPI: Added _OSI(Module Device)
[    0.367593] ACPI: Added _OSI(Processor Device)
[    0.367594] ACPI: Added _OSI(3.0 _SCP Extensions)
[    0.367595] ACPI: Added _OSI(Processor Aggregator Device)
[    0.367596] ACPI: Added _OSI(Linux-Dell-Video)
[    0.367598] ACPI: Added _OSI(Linux-Lenovo-NV-HDMI-Audio)
[    0.367599] ACPI: Added _OSI(Linux-HPI-Hybrid-Graphics)
[    0.371547] ACPI: 2 ACPI AML tables successfully acquired and loaded
[    0.374249] ACPI: Interpreter enabled
[    0.374262] ACPI: (supports S0 S5)
[    0.374264] ACPI: Using IOAPIC for interrupt routing
[    0.374778] PCI: Using host bridge windows from ACPI; if necessary, use "pci=nocrs" and report a bug
[    0.375016] ACPI: Enabled 2 GPEs in block 00 to 07
[    0.388072] ACPI: PCI Root Bridge [PCI0] (domain 0000 [bus 00-ff])
[    0.388080] acpi PNP0A03:00: _OSC: OS supports [ASPM ClockPM Segments MSI HPX-Type3]
[    0.390712] acpi PNP0A03:00: _OSC: not requesting OS control; OS requires [ExtendedConfig ASPM ClockPM MSI]
[    0.390776] acpi PNP0A03:00: fail to add MMCONFIG information, can't access extended PCI configuration space under this bridge.
[    0.392145] PCI host bridge to bus 0000:00
[    0.392150] pci_bus 0000:00: root bus resource [io  0x0000-0x0cf7 window]
[    0.392152] pci_bus 0000:00: root bus resource [io  0x0d00-0xffff window]
[    0.392154] pci_bus 0000:00: root bus resource [mem 0x000a0000-0x000bffff window]
[    0.392156] pci_bus 0000:00: root bus resource [mem 0x40000000-0xfdffffff window]
[    0.392158] pci_bus 0000:00: root bus resource [bus 00-ff]
[    0.392238] pci 0000:00:00.0: [8086:1237] type 00 class 0x060000
[    0.393998] pci 0000:00:01.0: [8086:7000] type 00 class 0x060100
[    0.396819] pci 0000:00:01.1: [8086:7111] type 00 class 0x01018a
[    0.397503] pci 0000:00:01.1: reg 0x20: [io  0xd000-0xd00f]
[    0.397885] pci 0000:00:01.1: legacy IDE quirk: reg 0x10: [io  0x01f0-0x01f7]
[    0.397887] pci 0000:00:01.1: legacy IDE quirk: reg 0x14: [io  0x03f6]
[    0.397888] pci 0000:00:01.1: legacy IDE quirk: reg 0x18: [io  0x0170-0x0177]
[    0.397889] pci 0000:00:01.1: legacy IDE quirk: reg 0x1c: [io  0x0376]
[    0.399184] pci 0000:00:02.0: [15ad:0405] type 00 class 0x030000
[    0.400467] pci 0000:00:02.0: reg 0x10: [io  0xd010-0xd01f]
[    0.401607] pci 0000:00:02.0: reg 0x14: [mem 0xf0000000-0xf0ffffff pref]
[    0.402683] pci 0000:00:02.0: reg 0x18: [mem 0xf1000000-0xf11fffff]
[    0.409598] pci 0000:00:03.0: [8086:100e] type 00 class 0x020000
[    0.412095] pci 0000:00:03.0: reg 0x10: [mem 0xf1200000-0xf121ffff]
[    0.413321] pci 0000:00:03.0: reg 0x18: [io  0xd020-0xd027]
[    0.417212] pci 0000:00:04.0: [80ee:cafe] type 00 class 0x088000
[    0.417969] pci 0000:00:04.0: reg 0x10: [io  0xd040-0xd05f]
[    0.418532] pci 0000:00:04.0: reg 0x14: [mem 0xf1400000-0xf17fffff]
[    0.419084] pci 0000:00:04.0: reg 0x18: [mem 0xf1800000-0xf1803fff pref]
[    0.422514] pci 0000:00:05.0: [8086:2415] type 00 class 0x040100
[    0.422705] pci 0000:00:05.0: reg 0x10: [io  0xd100-0xd1ff]
[    0.422797] pci 0000:00:05.0: reg 0x14: [io  0xd200-0xd23f]
[    0.423962] pci 0000:00:06.0: [106b:003f] type 00 class 0x0c0310
[    0.424649] pci 0000:00:06.0: reg 0x10: [mem 0xf1804000-0xf1804fff]
[    0.432723] pci 0000:00:07.0: [8086:7113] type 00 class 0x068000
[    0.433327] pci 0000:00:07.0: quirk: [io  0x4000-0x403f] claimed by PIIX4 ACPI
[    0.433343] pci 0000:00:07.0: quirk: [io  0x4100-0x410f] claimed by PIIX4 SMB
[    0.436025] pci 0000:00:0d.0: [8086:2829] type 00 class 0x010601
[    0.437194] pci 0000:00:0d.0: reg 0x10: [io  0xd240-0xd247]
[    0.438535] pci 0000:00:0d.0: reg 0x14: [io  0xd248-0xd24b]
[    0.439199] pci 0000:00:0d.0: reg 0x18: [io  0xd250-0xd257]
[    0.439770] pci 0000:00:0d.0: reg 0x1c: [io  0xd258-0xd25b]
[    0.440004] pci 0000:00:0d.0: reg 0x20: [io  0xd260-0xd26f]
[    0.440568] pci 0000:00:0d.0: reg 0x24: [mem 0xf1806000-0xf1807fff]
[    0.455492] ACPI: PCI Interrupt Link [LNKA] (IRQs 5 9 10 *11)
[    0.456017] ACPI: PCI Interrupt Link [LNKB] (IRQs 5 9 *10 11)
[    0.456222] ACPI: PCI Interrupt Link [LNKC] (IRQs 5 *9 10 11)
[    0.456491] ACPI: PCI Interrupt Link [LNKD] (IRQs 5 9 10 *11)
[    0.457389] SCSI subsystem initialized
[    0.457501] libata version 3.00 loaded.
[    0.457602] pci 0000:00:02.0: vgaarb: setting as boot VGA device
[    0.457611] pci 0000:00:02.0: vgaarb: VGA device added: decodes=io+mem,owns=io+mem,locks=none
[    0.457615] pci 0000:00:02.0: vgaarb: bridge control possible
[    0.457616] vgaarb: loaded
[    0.457672] ACPI: bus type USB registered
[    0.457699] usbcore: registered new interface driver usbfs
[    0.457712] usbcore: registered new interface driver hub
[    0.457723] usbcore: registered new device driver usb
[    0.457773] pps_core: LinuxPPS API ver. 1 registered
[    0.457774] pps_core: Software ver. 5.3.6 - Copyright 2005-2007 Rodolfo Giometti <giometti@linux.it>
[    0.457780] PTP clock support registered
[    0.458217] EDAC MC: Ver: 3.0.0
[    0.459140] PCI: Using ACPI for IRQ routing
[    0.459143] PCI: pci_cache_line_size set to 64 bytes
[    0.459531] e820: reserve RAM buffer [mem 0x0009fc00-0x0009ffff]
[    0.459537] e820: reserve RAM buffer [mem 0x3fff0000-0x3fffffff]
[    0.460278] NetLabel: Initializing
[    0.460280] NetLabel:  domain hash size = 128
[    0.460280] NetLabel:  protocols = UNLABELED CIPSOv4 CALIPSO
[    0.460304] NetLabel:  unlabeled traffic allowed by default
[    0.461314] clocksource: Switched to clocksource kvm-clock
[    0.483149] VFS: Disk quotas dquot_6.6.0
[    0.483166] VFS: Dquot-cache hash table entries: 512 (order 0, 4096 bytes)
[    0.483198] *** VALIDATE hugetlbfs ***
[    0.483303] AppArmor: AppArmor Filesystem Enabled
[    0.483333] pnp: PnP ACPI init
[    0.484290] pnp 00:00: Plug and Play ACPI device, IDs PNP0303 (active)
[    0.484515] pnp 00:01: Plug and Play ACPI device, IDs PNP0f03 (active)
[    0.486031] pnp: PnP ACPI: found 2 devices
[    0.488846] thermal_sys: Registered thermal governor 'fair_share'
[    0.488847] thermal_sys: Registered thermal governor 'bang_bang'
[    0.488848] thermal_sys: Registered thermal governor 'step_wise'
[    0.488849] thermal_sys: Registered thermal governor 'user_space'
[    0.488850] thermal_sys: Registered thermal governor 'power_allocator'
[    0.494264] clocksource: acpi_pm: mask: 0xffffff max_cycles: 0xffffff, max_idle_ns: 2085701024 ns
[    0.494320] pci_bus 0000:00: resource 4 [io  0x0000-0x0cf7 window]
[    0.494321] pci_bus 0000:00: resource 5 [io  0x0d00-0xffff window]
[    0.494323] pci_bus 0000:00: resource 6 [mem 0x000a0000-0x000bffff window]
[    0.494324] pci_bus 0000:00: resource 7 [mem 0x40000000-0xfdffffff window]
[    0.494421] NET: Registered protocol family 2
[    0.494587] tcp_listen_portaddr_hash hash table entries: 512 (order: 1, 8192 bytes, linear)
[    0.494594] TCP established hash table entries: 8192 (order: 4, 65536 bytes, linear)
[    0.494610] TCP bind hash table entries: 8192 (order: 5, 131072 bytes, linear)
[    0.494618] TCP: Hash tables configured (established 8192 bind 8192)
[    0.494648] UDP hash table entries: 512 (order: 2, 16384 bytes, linear)
[    0.494652] UDP-Lite hash table entries: 512 (order: 2, 16384 bytes, linear)
[    0.494723] NET: Registered protocol family 1
[    0.494732] NET: Registered protocol family 44
[    0.494762] pci 0000:00:00.0: Limiting direct PCI/PCI transfers
[    0.494779] pci 0000:00:01.0: Activating ISA DMA hang workarounds
[    0.494849] pci 0000:00:02.0: Video device with shadowed ROM at [mem 0x000c0000-0x000dffff]
[    0.496940] PCI: CLS 0 bytes, default 64
[    0.496988] Trying to unpack rootfs image as initramfs...
[    1.424542] Freeing initrd memory: 40416K
[    1.424670] clocksource: tsc: mask: 0xffffffffffffffff max_cycles: 0x229833f6470, max_idle_ns: 440795327230 ns
[    1.424679] clocksource: Switched to clocksource tsc
[    1.424722] platform rtc_cmos: registered platform RTC device (no PNP device found)
[    1.424744] check: Scanning for low memory corruption every 60 seconds
[    1.430967] Initialise system trusted keyrings
[    1.430991] Key type blacklist registered
[    1.431210] workingset: timestamp_bits=36 max_order=18 bucket_order=0
[    1.434652] zbud: loaded
[    1.435540] squashfs: version 4.0 (2009/01/31) Phillip Lougher
[    1.435900] fuse: init (API version 7.31)
[    1.436194] Platform Keyring initialized
[    1.440795] Key type asymmetric registered
[    1.440797] Asymmetric key parser 'x509' registered
[    1.440812] Block layer SCSI generic (bsg) driver version 0.4 loaded (major 244)
[    1.440853] io scheduler mq-deadline registered
[    1.449382] shpchp: Standard Hot Plug PCI Controller Driver version: 0.4
[    1.450822] ACPI: AC Adapter [AC] (on-line)
[    1.450914] input: Power Button as /devices/LNXSYSTM:00/LNXPWRBN:00/input/input0
[    1.450940] ACPI: Power Button [PWRF]
[    1.451075] input: Sleep Button as /devices/LNXSYSTM:00/LNXSLPBN:00/input/input1
[    1.451088] ACPI: Sleep Button [SLPF]
[    1.453918] battery: ACPI: Battery Slot [BAT0] (battery present)
[    1.454144] Serial: 8250/16550 driver, 32 ports, IRQ sharing enabled
[    1.457272] Linux agpgart interface v0.103
[    1.460501] loop: module loaded
[    1.460729] ata_piix 0000:00:01.1: version 2.13
[    1.461230] scsi host0: ata_piix
[    1.461340] scsi host1: ata_piix
[    1.468657] ata1: PATA max UDMA/33 cmd 0x1f0 ctl 0x3f6 bmdma 0xd000 irq 14
[    1.468660] ata2: PATA max UDMA/33 cmd 0x170 ctl 0x376 bmdma 0xd008 irq 15
[    1.469918] libphy: Fixed MDIO Bus: probed
[    1.469920] tun: Universal TUN/TAP device driver, 1.6
[    1.470027] PPP generic driver version 2.4.2
[    1.470114] ehci_hcd: USB 2.0 'Enhanced' Host Controller (EHCI) Driver
[    1.470122] ehci-pci: EHCI PCI platform driver
[    1.470153] ehci-platform: EHCI generic platform driver
[    1.470167] ohci_hcd: USB 1.1 'Open' Host Controller (OHCI) Driver
[    1.470337] ohci-pci: OHCI PCI platform driver
[    1.471647] ohci-pci 0000:00:06.0: OHCI PCI host controller
[    1.471655] ohci-pci 0000:00:06.0: new USB bus registered, assigned bus number 1
[    1.471755] ohci-pci 0000:00:06.0: irq 22, io mem 0xf1804000
[    1.532368] usb usb1: New USB device found, idVendor=1d6b, idProduct=0001, bcdDevice= 5.03
[    1.532371] usb usb1: New USB device strings: Mfr=3, Product=2, SerialNumber=1
[    1.532372] usb usb1: Product: OHCI PCI host controller
[    1.532374] usb usb1: Manufacturer: Linux 5.3.0-28-generic ohci_hcd
[    1.532375] usb usb1: SerialNumber: 0000:00:06.0
[    1.532597] hub 1-0:1.0: USB hub found
[    1.532627] hub 1-0:1.0: 12 ports detected
[    1.533341] ohci-platform: OHCI generic platform driver
[    1.534067] uhci_hcd: USB Universal Host Controller Interface driver
[    1.534180] i8042: PNP: PS/2 Controller [PNP0303:PS2K,PNP0f03:PS2M] at 0x60,0x64 irq 1,12
[    1.534997] serio: i8042 KBD port at 0x60,0x64 irq 1
[    1.535053] serio: i8042 AUX port at 0x60,0x64 irq 12
[    1.535167] mousedev: PS/2 mouse device common for all mice
[    1.535609] input: AT Translated Set 2 keyboard as /devices/platform/i8042/serio0/input/input2
[    1.536442] rtc_cmos rtc_cmos: registered as rtc0
[    1.536466] rtc_cmos rtc_cmos: alarms up to one day, 114 bytes nvram
[    1.536478] i2c /dev entries driver
[    1.536566] device-mapper: uevent: version 1.0.3
[    1.536667] device-mapper: ioctl: 4.40.0-ioctl (2019-01-18) initialised: dm-devel@redhat.com
[    1.536703] platform eisa.0: Probing EISA bus 0
[    1.536706] platform eisa.0: EISA: Cannot allocate resource for mainboard
[    1.536708] platform eisa.0: Cannot allocate resource for EISA slot 1
[    1.536710] platform eisa.0: Cannot allocate resource for EISA slot 2
[    1.536712] platform eisa.0: Cannot allocate resource for EISA slot 3
[    1.536714] platform eisa.0: Cannot allocate resource for EISA slot 4
[    1.536716] platform eisa.0: Cannot allocate resource for EISA slot 5
[    1.536717] platform eisa.0: Cannot allocate resource for EISA slot 6
[    1.536719] platform eisa.0: Cannot allocate resource for EISA slot 7
[    1.536721] platform eisa.0: Cannot allocate resource for EISA slot 8
[    1.536723] platform eisa.0: EISA: Detected 0 cards
[    1.536726] intel_pstate: CPU model not supported
[    1.536739] ledtrig-cpu: registered to indicate activity on CPUs
[    1.536895] intel_pmc_core intel_pmc_core.0:  initialized
[    1.537240] NET: Registered protocol family 10
[    1.547603] Segment Routing with IPv6
[    1.547640] NET: Registered protocol family 17
[    1.547699] Key type dns_resolver registered
[    1.547962] RAS: Correctable Errors collector initialized.
[    1.548022] sched_clock: Marking stable (1530439402, 17469432)->(1547656398, 252436)
[    1.548223] registered taskstats version 1
[    1.548234] Loading compiled-in X.509 certificates
[    1.551282] Loaded X.509 cert 'Build time autogenerated kernel key: c209d4e4513ddb6584e17c46859deb0bc3f91652'
[    1.551326] zswap: loaded using pool lzo/zbud
[    1.561553] Key type big_key registered
[    1.566495] Key type encrypted registered
[    1.566501] AppArmor: AppArmor sha1 policy hashing enabled
[    1.566507] ima: No TPM chip found, activating TPM-bypass!
[    1.566517] ima: Allocated hash algorithm: sha1
[    1.566522] No architecture policies found
[    1.566534] evm: Initialising EVM extended attributes:
[    1.566534] evm: security.selinux
[    1.566535] evm: security.SMACK64
[    1.566535] evm: security.SMACK64EXEC
[    1.566536] evm: security.SMACK64TRANSMUTE
[    1.566536] evm: security.SMACK64MMAP
[    1.566537] evm: security.apparmor
[    1.566573] evm: security.ima
[    1.566575] evm: security.capability
[    1.566576] evm: HMAC attrs: 0x1
[    1.566945] PM:   Magic number: 1:585:330
[    1.566966] tty tty51: hash matches
[    1.567035] rtc_cmos rtc_cmos: setting system clock to 2021-08-27T12:20:33 UTC (1630066833)
[    1.641231] ata2.00: ATAPI: VBOX CD-ROM, 1.0, max UDMA/133
[    1.642182] scsi 1:0:0:0: CD-ROM            VBOX     CD-ROM           1.0  PQ: 0 ANSI: 5
[    1.664833] sr 1:0:0:0: [sr0] scsi3-mmc drive: 32x/32x xa/form2 tray
[    1.664836] cdrom: Uniform CD-ROM driver Revision: 3.20
[    1.665054] sr 1:0:0:0: Attached scsi CD-ROM sr0
[    1.665283] sr 1:0:0:0: Attached scsi generic sg0 type 5
[    1.667572] Freeing unused decrypted memory: 2040K
[    1.668148] Freeing unused kernel image memory: 2660K
[    1.676021] Write protecting the kernel read-only data: 22528k
[    1.676648] Freeing unused kernel image memory: 2008K
[    1.677008] Freeing unused kernel image memory: 1476K
[    1.692852] x86/mm: Checked W+X mappings: passed, no W+X pages found.
[    1.692854] x86/mm: Checking user space page tables
[    1.706753] x86/mm: Checked W+X mappings: passed, no W+X pages found.
[    1.706757] Run /init as init process
[    1.862402] ACPI: Video Device [GFX0] (multi-head: yes  rom: no  post: no)
[    1.862521] input: Video Bus as /devices/LNXSYSTM:00/LNXSYBUS:00/PNP0A03:00/LNXVIDEO:00/input/input4
[    1.884076] e1000: Intel(R) PRO/1000 Network Driver - version 7.3.21-k8-NAPI
[    1.884078] e1000: Copyright (c) 1999-2006 Intel Corporation.
[    1.890724] piix4_smbus 0000:00:07.0: SMBus Host Controller at 0x4100, revision 0
[    1.901351] ahci 0000:00:0d.0: version 3.0
[    1.902275] ahci 0000:00:0d.0: SSS flag set, parallel bus scan disabled
[    1.902477] ahci 0000:00:0d.0: AHCI 0001.0100 32 slots 1 ports 3 Gbps 0x1 impl SATA mode
[    1.902479] ahci 0000:00:0d.0: flags: 64bit ncq stag only ccc 
[    1.914264] scsi host2: ahci
[    1.914381] ata3: SATA max UDMA/133 abar m8192@0xf1806000 port 0xf1806100 irq 21
[    1.972200] usb 1-1: new full-speed USB device number 2 using ohci-pci
[    2.106792] input: ImExPS/2 Generic Explorer Mouse as /devices/platform/i8042/serio1/input/input5
[    2.228745] ata3: SATA link up 3.0 Gbps (SStatus 123 SControl 300)
[    2.229088] ata3.00: ATA-6: VBOX HARDDISK, 1.0, max UDMA/133
[    2.229091] ata3.00: 20971520 sectors, multi 128: LBA48 NCQ (depth 32)
[    2.229266] ata3.00: configured for UDMA/133
[    2.229456] scsi 2:0:0:0: Direct-Access     ATA      VBOX HARDDISK    1.0  PQ: 0 ANSI: 5
[    2.229787] sd 2:0:0:0: [sda] 20971520 512-byte logical blocks: (10.7 GB/10.0 GiB)
[    2.229800] sd 2:0:0:0: [sda] Write Protect is off
[    2.229802] sd 2:0:0:0: [sda] Mode Sense: 00 3a 00 00
[    2.229824] sd 2:0:0:0: [sda] Write cache: enabled, read cache: enabled, doesn't support DPO or FUA
[    2.230185] sd 2:0:0:0: Attached scsi generic sg1 type 0
[    2.241373]  sda: sda1
[    2.241739] sd 2:0:0:0: [sda] Attached SCSI disk
[    2.315854] usb 1-1: New USB device found, idVendor=80ee, idProduct=0021, bcdDevice= 1.00
[    2.315856] usb 1-1: New USB device strings: Mfr=1, Product=3, SerialNumber=0
[    2.315858] usb 1-1: Product: USB Tablet
[    2.315860] usb 1-1: Manufacturer: VirtualBox
[    2.336164] hidraw: raw HID events driver (C) Jiri Kosina
[    2.359145] usbcore: registered new interface driver usbhid
[    2.359147] usbhid: USB HID core driver
[    2.362394] input: VirtualBox USB Tablet as /devices/pci0000:00/0000:00:06.0/usb1/1-1/1-1:1.0/0003:80EE:0021.0001/input/input6
[    2.363310] hid-generic 0003:80EE:0021.0001: input,hidraw0: USB HID v1.10 Mouse [VirtualBox USB Tablet] on usb-0000:00:06.0-1/input0
[    2.495950] e1000 0000:00:03.0 eth0: (PCI:33MHz:32-bit) 08:00:27:81:6c:d4
[    2.495955] e1000 0000:00:03.0 eth0: Intel(R) PRO/1000 Network Connection
[    2.497368] e1000 0000:00:03.0 enp0s3: renamed from eth0